../Drivers/Device_Drivers/HD44780_LCD/../../ARM_Drivers/Delay_Micros/dwt_stm32_delay.h:22:22:DWT_Delay_us	24	static
../Drivers/Device_Drivers/HD44780_LCD/HD44780_LCD.c:57:13:usDelay	16	static
../Drivers/Device_Drivers/HD44780_LCD/HD44780_LCD.c:63:13:Write_HalfByte	16	static
../Drivers/Device_Drivers/HD44780_LCD/HD44780_LCD.c:69:13:RS_SET	16	static
../Drivers/Device_Drivers/HD44780_LCD/HD44780_LCD.c:74:13:EN_SET	16	static
../Drivers/Device_Drivers/HD44780_LCD/HD44780_LCD.c:79:13:Alcd_Init_GPIO	32	static
../Drivers/Device_Drivers/HD44780_LCD/HD44780_LCD.c:94:20:Alcd_SendByte	16	static
../Drivers/Device_Drivers/HD44780_LCD/HD44780_LCD.c:107:6:Alcd_Init	24	static
../Drivers/Device_Drivers/HD44780_LCD/HD44780_LCD.c:150:6:Alcd_CursorAt	16	static
../Drivers/Device_Drivers/HD44780_LCD/HD44780_LCD.c:155:6:Alcd_Put_n	32	static
../Drivers/Device_Drivers/HD44780_LCD/HD44780_LCD.c:163:6:Alcd_PutAt_n	24	static
../Drivers/Device_Drivers/HD44780_LCD/HD44780_LCD.c:169:6:Alcd_Home	16	static
../Drivers/Device_Drivers/HD44780_LCD/HD44780_LCD.c:175:6:Alcd_Clear	16	static
../Drivers/Device_Drivers/HD44780_LCD/HD44780_LCD.c:181:6:Alcd_Display_Control	16	static
../Drivers/Device_Drivers/HD44780_LCD/HD44780_LCD.c:200:6:Alcd_CreateChar	32	static
../Drivers/Device_Drivers/HD44780_LCD/HD44780_LCD.c:212:6:Alcd_PutChar	16	static
../Drivers/Device_Drivers/HD44780_LCD/HD44780_LCD.c:217:5:Str_Len	24	static
